Command line invocation:
    /Applications/Xcode.app/Contents/Developer/usr/bin/xcodebuild -scheme CareBridge-macOS -destination platform=macOS build

ComputePackagePrebuildTargetDependencyGraph

Prepare packages

CreateBuildRequest

SendProjectDescription

CreateBuildOperation

ComputeTargetDependencyGraph
note: Building targets in dependency order
note: Target dependency graph (1 target)
    Target 'CareBridge-macOS' in project 'CareBridge-macOS' (no dependencies)

GatherProvisioningInputs

CreateBuildDescription

ExecuteExternalTool /Applications/Xcode.app/Contents/Developer/Toolchains/XcodeDefault.xctoolchain/usr/bin/clang -v -E -dM -isysroot /Applications/Xcode.app/Contents/Developer/Platforms/MacOSX.platform/Developer/SDKs/MacOSX26.4.sdk -x c -c /dev/null

ExecuteExternalTool /Applications/Xcode.app/Contents/Developer/usr/bin/actool --version --output-format xml1

ExecuteExternalTool /Applications/Xcode.app/Contents/Developer/Toolchains/XcodeDefault.xctoolchain/usr/bin/swiftc --version

ExecuteExternalTool /Applications/Xcode.app/Contents/Developer/Toolchains/XcodeDefault.xctoolchain/usr/bin/ld -version_details

Build description signature: 340369f37a03caee2276c941ba6dda76
Build description path: /Users/arunalubamunusinghe/Library/Developer/Xcode/DerivedData/CareBridge-macOS-deivfrwwuzbvcseixsjmphbmgkdg/Build/Intermediates.noindex/XCBuildData/340369f37a03caee2276c941ba6dda76.xcbuilddata
ClangStatCache /Applications/Xcode.app/Contents/Developer/Toolchains/XcodeDefault.xctoolchain/usr/bin/clang-stat-cache /Applications/Xcode.app/Contents/Developer/Platforms/MacOSX.platform/Developer/SDKs/MacOSX26.4.sdk /Users/arunalubamunusinghe/Library/Developer/Xcode/DerivedData/SDKStatCaches.noindex/macosx26.4-25E251-30f9ca8789b706f8bd3fc906a70d770f.sdkstatcache
    cd /Users/arunalubamunusinghe/Desktop/untitled\ folder/Assignment\ 2/Part\ A/carebridge-ios/CareBridge-macOS.xcodeproj
    /Applications/Xcode.app/Contents/Developer/Toolchains/XcodeDefault.xctoolchain/usr/bin/clang-stat-cache /Applications/Xcode.app/Contents/Developer/Platforms/MacOSX.platform/Developer/SDKs/MacOSX26.4.sdk -o /Users/arunalubamunusinghe/Library/Developer/Xcode/DerivedData/SDKStatCaches.noindex/macosx26.4-25E251-30f9ca8789b706f8bd3fc906a70d770f.sdkstatcache

/Users/arunalubamunusinghe/Desktop/untitled folder/Assignment 2/Part A/carebridge-ios/CareBridge-macOS.xcodeproj: warning: The Copy Bundle Resources build phase contains this target's entitlements file '/Users/arunalubamunusinghe/Desktop/untitled folder/Assignment 2/Part A/carebridge-ios/CareBridge-macOS/CareBridge.entitlements'. (in target 'CareBridge-macOS' from project 'CareBridge-macOS')
ProcessInfoPlistFile /Users/arunalubamunusinghe/Library/Developer/Xcode/DerivedData/CareBridge-macOS-deivfrwwuzbvcseixsjmphbmgkdg/Build/Products/Debug/CareBridge-macOS.app/Contents/Info.plist /Users/arunalubamunusinghe/Library/Developer/Xcode/DerivedData/CareBridge-macOS-deivfrwwuzbvcseixsjmphbmgkdg/Build/Intermediates.noindex/CareBridge-macOS.build/Debug/CareBridge-macOS.build/empty-CareBridge-macOS.plist (in target 'CareBridge-macOS' from project 'CareBridge-macOS')
    cd /Users/arunalubamunusinghe/Desktop/untitled\ folder/Assignment\ 2/Part\ A/carebridge-ios
    builtin-infoPlistUtility /Users/arunalubamunusinghe/Library/Developer/Xcode/DerivedData/CareBridge-macOS-deivfrwwuzbvcseixsjmphbmgkdg/Build/Intermediates.noindex/CareBridge-macOS.build/Debug/CareBridge-macOS.build/empty-CareBridge-macOS.plist -producttype com.apple.product-type.application -genpkginfo /Users/arunalubamunusinghe/Library/Developer/Xcode/DerivedData/CareBridge-macOS-deivfrwwuzbvcseixsjmphbmgkdg/Build/Products/Debug/CareBridge-macOS.app/Contents/PkgInfo -expandbuildsettings -platform macosx -additionalcontentfile /Users/arunalubamunusinghe/Library/Developer/Xcode/DerivedData/CareBridge-macOS-deivfrwwuzbvcseixsjmphbmgkdg/Build/Intermediates.noindex/CareBridge-macOS.build/Debug/CareBridge-macOS.build/assetcatalog_generated_info.plist -o /Users/arunalubamunusinghe/Library/Developer/Xcode/DerivedData/CareBridge-macOS-deivfrwwuzbvcseixsjmphbmgkdg/Build/Products/Debug/CareBridge-macOS.app/Contents/Info.plist

CopySwiftLibs /Users/arunalubamunusinghe/Library/Developer/Xcode/DerivedData/CareBridge-macOS-deivfrwwuzbvcseixsjmphbmgkdg/Build/Products/Debug/CareBridge-macOS.app (in target 'CareBridge-macOS' from project 'CareBridge-macOS')
    cd /Users/arunalubamunusinghe/Desktop/untitled\ folder/Assignment\ 2/Part\ A/carebridge-ios
    builtin-swiftStdLibTool --copy --verbose --sign - --scan-executable /Users/arunalubamunusinghe/Library/Developer/Xcode/DerivedData/CareBridge-macOS-deivfrwwuzbvcseixsjmphbmgkdg/Build/Products/Debug/CareBridge-macOS.app/Contents/MacOS/CareBridge-macOS.debug.dylib --scan-folder /Users/arunalubamunusinghe/Library/Developer/Xcode/DerivedData/CareBridge-macOS-deivfrwwuzbvcseixsjmphbmgkdg/Build/Products/Debug/CareBridge-macOS.app/Contents/Frameworks --scan-folder /Users/arunalubamunusinghe/Library/Developer/Xcode/DerivedData/CareBridge-macOS-deivfrwwuzbvcseixsjmphbmgkdg/Build/Products/Debug/CareBridge-macOS.app/Contents/PlugIns --scan-folder /Users/arunalubamunusinghe/Library/Developer/Xcode/DerivedData/CareBridge-macOS-deivfrwwuzbvcseixsjmphbmgkdg/Build/Products/Debug/CareBridge-macOS.app/Contents/Library/SystemExtensions --scan-folder /Users/arunalubamunusinghe/Library/Developer/Xcode/DerivedData/CareBridge-macOS-deivfrwwuzbvcseixsjmphbmgkdg/Build/Products/Debug/CareBridge-macOS.app/Contents/Extensions --scan-folder /Applications/Xcode.app/Contents/Developer/Platforms/MacOSX.platform/Developer/SDKs/MacOSX15.0.sdk/System/Library/Frameworks/Cocoa.framework --platform macosx --toolchain /Applications/Xcode.app/Contents/Developer/Toolchains/XcodeDefault.xctoolchain --destination /Users/arunalubamunusinghe/Library/Developer/Xcode/DerivedData/CareBridge-macOS-deivfrwwuzbvcseixsjmphbmgkdg/Build/Products/Debug/CareBridge-macOS.app/Contents/Frameworks --strip-bitcode --strip-bitcode-tool /Applications/Xcode.app/Contents/Developer/Toolchains/XcodeDefault.xctoolchain/usr/bin/bitcode_strip --emit-dependency-info /Users/arunalubamunusinghe/Library/Developer/Xcode/DerivedData/CareBridge-macOS-deivfrwwuzbvcseixsjmphbmgkdg/Build/Intermediates.noindex/CareBridge-macOS.build/Debug/CareBridge-macOS.build/SwiftStdLibToolInputDependencies.dep --filter-for-swift-os --back-deploy-swift-span

** BUILD SUCCEEDED **

